[ OK ] zero rotation eps=1e-05 native F23 max_abs=6.5512e-12
[ OK ] zero rotation eps=1e-05 noise covariance vs physical FD max_abs=1.31589e-14
[ OK ] zero rotation eps=1e-05 full covariance max_abs=4.24799e-13
[ OK ] zero rotation eps=1e-06 native F23 max_abs=8.22666e-11
[ OK ] zero rotation eps=1e-06 noise covariance vs physical FD max_abs=2.21326e-13
[ OK ] zero rotation eps=1e-06 full covariance max_abs=5.08163e-12
[ OK ] zero rotation eps=1e-07 native F23 max_abs=5.83867e-10
[ OK ] zero rotation eps=1e-07 noise covariance vs physical FD max_abs=1.73472e-12
[ OK ] zero rotation eps=1e-07 full covariance max_abs=3.67194e-11
[ OK ] zero rotation prior covariance symmetry=4.33681e-19 min_eigen=0.028
[ OK ] rotating eps=1e-05 native F23 max_abs=7.25458e-12
[ OK ] rotating eps=1e-05 noise covariance vs physical FD max_abs=2.80563e-14
[ OK ] rotating eps=1e-05 full covariance max_abs=3.81778e-13
[ OK ] rotating eps=1e-06 native F23 max_abs=8.22666e-11
[ OK ] rotating eps=1e-06 noise covariance vs physical FD max_abs=2.07767e-13
[ OK ] rotating eps=1e-06 full covariance max_abs=5.03869e-12
[ OK ] rotating eps=1e-07 native F23 max_abs=9.46909e-10
[ OK ] rotating eps=1e-07 noise covariance vs physical FD max_abs=2.29269e-12
[ OK ] rotating eps=1e-07 full covariance max_abs=3.60711e-11
[ OK ] rotating prior covariance symmetry=1.73472e-18 min_eigen=0.0227776
[ OK ] large step eps=1e-05 native F23 max_abs=2.51323e-11
[ OK ] large step eps=1e-05 noise covariance vs physical FD max_abs=3.14609e-14
[ OK ] large step eps=1e-05 full covariance max_abs=4.89031e-12
[ OK ] large step eps=1e-06 native F23 max_abs=9.6017e-11
[ OK ] large step eps=1e-06 noise covariance vs physical FD max_abs=4.34052e-13
[ OK ] large step eps=1e-06 full covariance max_abs=6.33594e-12
[ OK ] large step eps=1e-07 native F23 max_abs=1.40278e-09
[ OK ] large step eps=1e-07 noise covariance vs physical FD max_abs=3.30442e-12
[ OK ] large step eps=1e-07 full covariance max_abs=4.89309e-11
[ OK ] large step prior covariance symmetry=1.38778e-17 min_eigen=0.00490297
[ OK ] test-only S2 transport F23 eps=1e-05 max_abs=2.4525e-11
[ OK ] test-only S2 transport F23 eps=1e-06 max_abs=1.1226e-10
[ OK ] test-only S2 transport F23 eps=1e-07 max_abs=9.11621e-10
[ OK ] zero gyro bias9x6 eps=1e-05 max_abs=1.89292e-11
[ OK ] zero gyro bias9x6 eps=1e-06 max_abs=3.74201e-10
[ OK ] zero gyro bias9x6 eps=1e-07 max_abs=3.03874e-09
[ OK ] zero gyro raw P23 symmetry=1.73472e-18 min_eigen=-7.38515e-20
[ OK ] zero gyro mapped Sigma15 symmetry=1.73472e-18 min_eigen=1.99921e-06
[ OK ] zero gyro replay Phi max_abs=0
[ OK ] zero gyro replay P max_abs=0
[ OK ] bias cancelled stationary bias9x6 eps=1e-05 max_abs=1.89292e-11
[ OK ] bias cancelled stationary bias9x6 eps=1e-06 max_abs=8.59534e-11
[ OK ] bias cancelled stationary bias9x6 eps=1e-07 max_abs=3.03874e-09
[ OK ] bias cancelled stationary raw P23 symmetry=1.73472e-18 min_eigen=-7.38515e-20
[ OK ] bias cancelled stationary mapped Sigma15 symmetry=1.73472e-18 min_eigen=1.99921e-06
[ OK ] bias cancelled stationary replay Phi max_abs=0
[ OK ] bias cancelled stationary replay P max_abs=0
[ OK ] stationary position max_abs=0
[ OK ] stationary velocity max_abs=0
[ OK ] tiny rotation bias9x6 eps=1e-05 max_abs=1.30362e-10
[ OK ] tiny rotation bias9x6 eps=1e-06 max_abs=1.47355e-09
[ OK ] tiny rotation bias9x6 eps=1e-07 max_abs=1.53532e-08
[ OK ] tiny rotation raw P23 symmetry=1.30104e-18 min_eigen=-2.35347e-20
[ OK ] tiny rotation mapped Sigma15 symmetry=1.30104e-18 min_eigen=1.99921e-06
[ OK ] tiny rotation replay Phi max_abs=0
[ OK ] tiny rotation replay P max_abs=0
[ OK ] large increments bias9x6 eps=1e-05 max_abs=6.98895e-10
[ OK ] large increments bias9x6 eps=1e-06 max_abs=3.6087e-09
[ OK ] large increments bias9x6 eps=1e-07 max_abs=3.46949e-08
[ OK ] large increments raw P23 symmetry=4.16334e-17 min_eigen=-9.67996e-20
[ OK ] large increments mapped Sigma15 symmetry=4.16334e-17 min_eigen=6.38411e-06
[ OK ] large increments replay Phi max_abs=0
[ OK ] large increments replay P max_abs=0
[ OK ] 10s changing axes bias9x6 eps=1e-05 max_abs=7.81712e-07
[ OK ] 10s changing axes bias9x6 eps=1e-06 max_abs=3.73986e-07
[ OK ] 10s changing axes bias9x6 eps=1e-07 max_abs=7.69777e-06
[ OK ] 10s changing axes raw P23 symmetry=9.87654e-13 min_eigen=-2.84012e-18
[ OK ] 10s changing axes mapped Sigma15 symmetry=9.80549e-13 min_eigen=3.97271e-05
[ OK ] 10s changing axes replay Phi max_abs=0
[ OK ] 10s changing axes replay P max_abs=0
[ OK ] irregular dt bias9x6 eps=1e-05 max_abs=2.05217e-10
[ OK ] irregular dt bias9x6 eps=1e-06 max_abs=3.14388e-09
[ OK ] irregular dt bias9x6 eps=1e-07 max_abs=1.52502e-08
[ OK ] irregular dt raw P23 symmetry=3.29597e-17 min_eigen=-1.77404e-19
[ OK ] irregular dt mapped Sigma15 symmetry=2.71051e-17 min_eigen=3.97011e-06
[ OK ] irregular dt replay Phi max_abs=0
[ OK ] irregular dt replay P max_abs=0
[ OK ] FAST-LIO native IMU internal suite
